
*** Running vivado
    with args -log main.vds -m64 -product Vivado -mode batch -messageDb vivado.pb -notrace -source main.tcl



****** Vivado v2022.1 (64-bit)
  **** SW Build 3526262 on Mon Apr 18 15:48:16 MDT 2022
  **** IP Build 3524634 on Mon Apr 18 20:55:01 MDT 2022
    ** Copyright 1986-2022 Xilinx, Inc. All Rights Reserved.

source main.tcl -notrace
create_project: Time (s): cpu = 00:00:06 ; elapsed = 00:00:15 . Memory (MB): peak = 1344.258 ; gain = 0.000
Command: synth_design -top main -part xc7a100tcsg324-1
Starting synth_design
Attempting to get a license for feature 'Synthesis' and/or device 'xc7a100t'
INFO: [Common 17-349] Got license for feature 'Synthesis' and/or device 'xc7a100t'
INFO: [Device 21-403] Loading part xc7a100tcsg324-1
INFO: [Synth 8-7079] Multithreading enabled for synth_design using a maximum of 2 processes.
INFO: [Synth 8-7078] Launching helper process for spawning children vivado processes
INFO: [Synth 8-7075] Helper process launched with PID 12888
---------------------------------------------------------------------------------
Starting RTL Elaboration : Time (s): cpu = 00:00:05 ; elapsed = 00:00:21 . Memory (MB): peak = 1344.258 ; gain = 0.000
---------------------------------------------------------------------------------
INFO: [Synth 8-638] synthesizing module 'main' [C:/Users/mdiag037/Documents/Lab1_VivadoXilinx/Lab1_VivadoXilinx.srcs/sources_1/new/main.vhd:14]
INFO: [Synth 8-3491] module 'controlpath' declared at 'C:/Users/mdiag037/Documents/Lab1_VivadoXilinx/Lab1_VivadoXilinx.srcs/sources_1/new/controlpath.vhd:4' bound to instance 'U_CTRL' of component 'controlpath' [C:/Users/mdiag037/Documents/Lab1_VivadoXilinx/Lab1_VivadoXilinx.srcs/sources_1/new/main.vhd:54]
INFO: [Synth 8-638] synthesizing module 'controlpath' [C:/Users/mdiag037/Documents/Lab1_VivadoXilinx/Lab1_VivadoXilinx.srcs/sources_1/new/controlpath.vhd:19]
INFO: [Synth 8-3491] module 'bascule_D_AS' declared at 'C:/Users/mdiag037/Documents/Lab1_VivadoXilinx/Lab1_VivadoXilinx.srcs/sources_1/new/Bascule_D_AS.vhd:4' bound to instance 'FF_S0' of component 'bascule_D_AS' [C:/Users/mdiag037/Documents/Lab1_VivadoXilinx/Lab1_VivadoXilinx.srcs/sources_1/new/controlpath.vhd:41]
INFO: [Synth 8-638] synthesizing module 'bascule_D_AS' [C:/Users/mdiag037/Documents/Lab1_VivadoXilinx/Lab1_VivadoXilinx.srcs/sources_1/new/Bascule_D_AS.vhd:13]
INFO: [Synth 8-256] done synthesizing module 'bascule_D_AS' (0#1) [C:/Users/mdiag037/Documents/Lab1_VivadoXilinx/Lab1_VivadoXilinx.srcs/sources_1/new/Bascule_D_AS.vhd:13]
INFO: [Synth 8-3491] module 'bascule_D_AR' declared at 'C:/Users/mdiag037/Documents/Lab1_VivadoXilinx/Lab1_VivadoXilinx.srcs/sources_1/new/bascule_D_AR.vhd:4' bound to instance 'FF_S1' of component 'bascule_D_AR' [C:/Users/mdiag037/Documents/Lab1_VivadoXilinx/Lab1_VivadoXilinx.srcs/sources_1/new/controlpath.vhd:42]
INFO: [Synth 8-638] synthesizing module 'bascule_D_AR' [C:/Users/mdiag037/Documents/Lab1_VivadoXilinx/Lab1_VivadoXilinx.srcs/sources_1/new/bascule_D_AR.vhd:13]
INFO: [Synth 8-256] done synthesizing module 'bascule_D_AR' (0#1) [C:/Users/mdiag037/Documents/Lab1_VivadoXilinx/Lab1_VivadoXilinx.srcs/sources_1/new/bascule_D_AR.vhd:13]
INFO: [Synth 8-3491] module 'bascule_D_AR' declared at 'C:/Users/mdiag037/Documents/Lab1_VivadoXilinx/Lab1_VivadoXilinx.srcs/sources_1/new/bascule_D_AR.vhd:4' bound to instance 'FF_S2' of component 'bascule_D_AR' [C:/Users/mdiag037/Documents/Lab1_VivadoXilinx/Lab1_VivadoXilinx.srcs/sources_1/new/controlpath.vhd:43]
INFO: [Synth 8-3491] module 'bascule_D_AR' declared at 'C:/Users/mdiag037/Documents/Lab1_VivadoXilinx/Lab1_VivadoXilinx.srcs/sources_1/new/bascule_D_AR.vhd:4' bound to instance 'FF_S3' of component 'bascule_D_AR' [C:/Users/mdiag037/Documents/Lab1_VivadoXilinx/Lab1_VivadoXilinx.srcs/sources_1/new/controlpath.vhd:44]
INFO: [Synth 8-3491] module 'bascule_D_AR' declared at 'C:/Users/mdiag037/Documents/Lab1_VivadoXilinx/Lab1_VivadoXilinx.srcs/sources_1/new/bascule_D_AR.vhd:4' bound to instance 'FF_S4' of component 'bascule_D_AR' [C:/Users/mdiag037/Documents/Lab1_VivadoXilinx/Lab1_VivadoXilinx.srcs/sources_1/new/controlpath.vhd:45]
INFO: [Synth 8-256] done synthesizing module 'controlpath' (0#1) [C:/Users/mdiag037/Documents/Lab1_VivadoXilinx/Lab1_VivadoXilinx.srcs/sources_1/new/controlpath.vhd:19]
INFO: [Synth 8-3491] module 'datapath' declared at 'C:/Users/mdiag037/Documents/Lab1_VivadoXilinx/Lab1_VivadoXilinx.srcs/sources_1/new/datapath.vhd:4' bound to instance 'U_DP' of component 'datapath' [C:/Users/mdiag037/Documents/Lab1_VivadoXilinx/Lab1_VivadoXilinx.srcs/sources_1/new/main.vhd:67]
INFO: [Synth 8-638] synthesizing module 'datapath' [C:/Users/mdiag037/Documents/Lab1_VivadoXilinx/Lab1_VivadoXilinx.srcs/sources_1/new/datapath.vhd:18]
INFO: [Synth 8-3491] module 'or8bits' declared at 'C:/Users/mdiag037/Documents/Lab1_VivadoXilinx/Lab1_VivadoXilinx.srcs/sources_1/new/Or8bits.vhd:4' bound to instance 'U_OR' of component 'or8bits' [C:/Users/mdiag037/Documents/Lab1_VivadoXilinx/Lab1_VivadoXilinx.srcs/sources_1/new/datapath.vhd:73]
INFO: [Synth 8-638] synthesizing module 'or8bits' [C:/Users/mdiag037/Documents/Lab1_VivadoXilinx/Lab1_VivadoXilinx.srcs/sources_1/new/Or8bits.vhd:12]
INFO: [Synth 8-256] done synthesizing module 'or8bits' (0#1) [C:/Users/mdiag037/Documents/Lab1_VivadoXilinx/Lab1_VivadoXilinx.srcs/sources_1/new/Or8bits.vhd:12]
INFO: [Synth 8-3491] module 'mux2to1_8bits' declared at 'C:/Users/mdiag037/Documents/Lab1_VivadoXilinx/Lab1_VivadoXilinx.srcs/sources_1/new/Mux2to1_8bits.vhd:4' bound to instance 'U_MUX_L' of component 'mux2to1_8bits' [C:/Users/mdiag037/Documents/Lab1_VivadoXilinx/Lab1_VivadoXilinx.srcs/sources_1/new/datapath.vhd:79]
INFO: [Synth 8-638] synthesizing module 'mux2to1_8bits' [C:/Users/mdiag037/Documents/Lab1_VivadoXilinx/Lab1_VivadoXilinx.srcs/sources_1/new/Mux2to1_8bits.vhd:13]
INFO: [Synth 8-256] done synthesizing module 'mux2to1_8bits' (0#1) [C:/Users/mdiag037/Documents/Lab1_VivadoXilinx/Lab1_VivadoXilinx.srcs/sources_1/new/Mux2to1_8bits.vhd:13]
INFO: [Synth 8-3491] module 'registre8' declared at 'C:/Users/mdiag037/Documents/Lab1_VivadoXilinx/Lab1_VivadoXilinx.srcs/sources_1/new/Registre8.vhd:5' bound to instance 'U_REG_L' of component 'registre8' [C:/Users/mdiag037/Documents/Lab1_VivadoXilinx/Lab1_VivadoXilinx.srcs/sources_1/new/datapath.vhd:86]
INFO: [Synth 8-638] synthesizing module 'registre8' [C:/Users/mdiag037/Documents/Lab1_VivadoXilinx/Lab1_VivadoXilinx.srcs/sources_1/new/Registre8.vhd:15]
INFO: [Synth 8-256] done synthesizing module 'registre8' (0#1) [C:/Users/mdiag037/Documents/Lab1_VivadoXilinx/Lab1_VivadoXilinx.srcs/sources_1/new/Registre8.vhd:15]
INFO: [Synth 8-3491] module 'mux2to1_8bits' declared at 'C:/Users/mdiag037/Documents/Lab1_VivadoXilinx/Lab1_VivadoXilinx.srcs/sources_1/new/Mux2to1_8bits.vhd:4' bound to instance 'U_MUX_R' of component 'mux2to1_8bits' [C:/Users/mdiag037/Documents/Lab1_VivadoXilinx/Lab1_VivadoXilinx.srcs/sources_1/new/datapath.vhd:94]
INFO: [Synth 8-3491] module 'registre8' declared at 'C:/Users/mdiag037/Documents/Lab1_VivadoXilinx/Lab1_VivadoXilinx.srcs/sources_1/new/Registre8.vhd:5' bound to instance 'U_REG_R' of component 'registre8' [C:/Users/mdiag037/Documents/Lab1_VivadoXilinx/Lab1_VivadoXilinx.srcs/sources_1/new/datapath.vhd:101]
INFO: [Synth 8-3491] module 'mux4to1_8bits' declared at 'C:/Users/mdiag037/Documents/Lab1_VivadoXilinx/Lab1_VivadoXilinx.srcs/sources_1/new/Mux4to1_8bits.vhd:4' bound to instance 'U_MUX_DIS' of component 'mux4to1_8bits' [C:/Users/mdiag037/Documents/Lab1_VivadoXilinx/Lab1_VivadoXilinx.srcs/sources_1/new/datapath.vhd:109]
INFO: [Synth 8-638] synthesizing module 'mux4to1_8bits' [C:/Users/mdiag037/Documents/Lab1_VivadoXilinx/Lab1_VivadoXilinx.srcs/sources_1/new/Mux4to1_8bits.vhd:15]
INFO: [Synth 8-256] done synthesizing module 'mux4to1_8bits' (0#1) [C:/Users/mdiag037/Documents/Lab1_VivadoXilinx/Lab1_VivadoXilinx.srcs/sources_1/new/Mux4to1_8bits.vhd:15]
INFO: [Synth 8-3491] module 'registre8' declared at 'C:/Users/mdiag037/Documents/Lab1_VivadoXilinx/Lab1_VivadoXilinx.srcs/sources_1/new/Registre8.vhd:5' bound to instance 'U_REG_DIS' of component 'registre8' [C:/Users/mdiag037/Documents/Lab1_VivadoXilinx/Lab1_VivadoXilinx.srcs/sources_1/new/datapath.vhd:118]
INFO: [Synth 8-256] done synthesizing module 'datapath' (0#1) [C:/Users/mdiag037/Documents/Lab1_VivadoXilinx/Lab1_VivadoXilinx.srcs/sources_1/new/datapath.vhd:18]
INFO: [Synth 8-256] done synthesizing module 'main' (0#1) [C:/Users/mdiag037/Documents/Lab1_VivadoXilinx/Lab1_VivadoXilinx.srcs/sources_1/new/main.vhd:14]
---------------------------------------------------------------------------------
Finished RTL Elaboration : Time (s): cpu = 00:00:06 ; elapsed = 00:00:31 . Memory (MB): peak = 1382.953 ; gain = 38.695
---------------------------------------------------------------------------------
---------------------------------------------------------------------------------
Start Handling Custom Attributes
---------------------------------------------------------------------------------
---------------------------------------------------------------------------------
Finished Handling Custom Attributes : Time (s): cpu = 00:00:06 ; elapsed = 00:00:31 . Memory (MB): peak = 1382.953 ; gain = 38.695
---------------------------------------------------------------------------------
---------------------------------------------------------------------------------
Finished RTL Optimization Phase 1 : Time (s): cpu = 00:00:06 ; elapsed = 00:00:31 . Memory (MB): peak = 1382.953 ; gain = 38.695
---------------------------------------------------------------------------------
Netlist sorting complete. Time (s): cpu = 00:00:00 ; elapsed = 00:00:00.003 . Memory (MB): peak = 1382.953 ; gain = 0.000
INFO: [Project 1-570] Preparing netlist for logic optimization

Processing XDC Constraints
Initializing timing engine
Parsing XDC File [C:/Users/mdiag037/Documents/Lab1_VivadoXilinx/Lab1_VivadoXilinx.srcs/constrs_1/new/constraints.xdc]
Finished Parsing XDC File [C:/Users/mdiag037/Documents/Lab1_VivadoXilinx/Lab1_VivadoXilinx.srcs/constrs_1/new/constraints.xdc]
INFO: [Project 1-236] Implementation specific constraints were found while reading constraint file [C:/Users/mdiag037/Documents/Lab1_VivadoXilinx/Lab1_VivadoXilinx.srcs/constrs_1/new/constraints.xdc]. These constraints will be ignored for synthesis but will be used in implementation. Impacted constraints are listed in the file [.Xil/main_propImpl.xdc].
Resolution: To avoid this warning, move constraints listed in [.Xil/main_propImpl.xdc] to another XDC file and exclude this new file from synthesis with the used_in_synthesis property (File Properties dialog in GUI) and re-run elaboration/synthesis.
Completed Processing XDC Constraints

Netlist sorting complete. Time (s): cpu = 00:00:00 ; elapsed = 00:00:00 . Memory (MB): peak = 1461.918 ; gain = 0.000
INFO: [Project 1-111] Unisim Transformation Summary:
No Unisim elements were transformed.

Constraint Validation Runtime : Time (s): cpu = 00:00:00 ; elapsed = 00:00:00.035 . Memory (MB): peak = 1461.918 ; gain = 0.000
---------------------------------------------------------------------------------
Finished Constraint Validation : Time (s): cpu = 00:00:14 ; elapsed = 00:00:43 . Memory (MB): peak = 1461.918 ; gain = 117.660
---------------------------------------------------------------------------------
---------------------------------------------------------------------------------
Start Loading Part and Timing Information
---------------------------------------------------------------------------------
Loading part: xc7a100tcsg324-1
---------------------------------------------------------------------------------
Finished Loading Part and Timing Information : Time (s): cpu = 00:00:14 ; elapsed = 00:00:43 . Memory (MB): peak = 1461.918 ; gain = 117.660
---------------------------------------------------------------------------------
---------------------------------------------------------------------------------
Start Applying 'set_property' XDC Constraints
---------------------------------------------------------------------------------
---------------------------------------------------------------------------------
Finished applying 'set_property' XDC Constraints : Time (s): cpu = 00:00:14 ; elapsed = 00:00:43 . Memory (MB): peak = 1461.918 ; gain = 117.660
---------------------------------------------------------------------------------
---------------------------------------------------------------------------------
Finished RTL Optimization Phase 2 : Time (s): cpu = 00:00:14 ; elapsed = 00:00:44 . Memory (MB): peak = 1461.918 ; gain = 117.660
---------------------------------------------------------------------------------
---------------------------------------------------------------------------------
Start RTL Component Statistics 
---------------------------------------------------------------------------------
Detailed RTL Component Info : 
+---Registers : 
	                8 Bit    Registers := 3     
	                1 Bit    Registers := 5     
+---Muxes : 
	   2 Input    8 Bit        Muxes := 2     
	   4 Input    8 Bit        Muxes := 1     
---------------------------------------------------------------------------------
Finished RTL Component Statistics 
---------------------------------------------------------------------------------
---------------------------------------------------------------------------------
Start Part Resource Summary
---------------------------------------------------------------------------------
Part Resources:
DSPs: 240 (col length:80)
BRAMs: 270 (col length: RAMB18 80 RAMB36 40)
---------------------------------------------------------------------------------
Finished Part Resource Summary
---------------------------------------------------------------------------------
---------------------------------------------------------------------------------
Start Cross Boundary and Area Optimization
---------------------------------------------------------------------------------
WARNING: [Synth 8-7080] Parallel synthesis criteria is not met
---------------------------------------------------------------------------------
Finished Cross Boundary and Area Optimization : Time (s): cpu = 00:00:16 ; elapsed = 00:00:45 . Memory (MB): peak = 1461.918 ; gain = 117.660
---------------------------------------------------------------------------------
---------------------------------------------------------------------------------
Start Applying XDC Timing Constraints
---------------------------------------------------------------------------------
---------------------------------------------------------------------------------
Finished Applying XDC Timing Constraints : Time (s): cpu = 00:00:21 ; elapsed = 00:00:51 . Memory (MB): peak = 1461.918 ; gain = 117.660
---------------------------------------------------------------------------------
---------------------------------------------------------------------------------
Start Timing Optimization
---------------------------------------------------------------------------------
---------------------------------------------------------------------------------
Finished Timing Optimization : Time (s): cpu = 00:00:21 ; elapsed = 00:00:51 . Memory (MB): peak = 1461.918 ; gain = 117.660
---------------------------------------------------------------------------------
---------------------------------------------------------------------------------
Start Technology Mapping
---------------------------------------------------------------------------------
---------------------------------------------------------------------------------
Finished Technology Mapping : Time (s): cpu = 00:00:21 ; elapsed = 00:00:51 . Memory (MB): peak = 1461.918 ; gain = 117.660
---------------------------------------------------------------------------------
---------------------------------------------------------------------------------
Start IO Insertion
---------------------------------------------------------------------------------
---------------------------------------------------------------------------------
Start Flattening Before IO Insertion
---------------------------------------------------------------------------------
---------------------------------------------------------------------------------
Finished Flattening Before IO Insertion
---------------------------------------------------------------------------------
---------------------------------------------------------------------------------
Start Final Netlist Cleanup
---------------------------------------------------------------------------------
---------------------------------------------------------------------------------
Finished Final Netlist Cleanup
---------------------------------------------------------------------------------
---------------------------------------------------------------------------------
Finished IO Insertion : Time (s): cpu = 00:00:26 ; elapsed = 00:00:56 . Memory (MB): peak = 1461.918 ; gain = 117.660
---------------------------------------------------------------------------------
---------------------------------------------------------------------------------
Start Renaming Generated Instances
---------------------------------------------------------------------------------
---------------------------------------------------------------------------------
Finished Renaming Generated Instances : Time (s): cpu = 00:00:26 ; elapsed = 00:00:56 . Memory (MB): peak = 1461.918 ; gain = 117.660
---------------------------------------------------------------------------------
---------------------------------------------------------------------------------
Start Rebuilding User Hierarchy
---------------------------------------------------------------------------------
---------------------------------------------------------------------------------
Finished Rebuilding User Hierarchy : Time (s): cpu = 00:00:26 ; elapsed = 00:00:56 . Memory (MB): peak = 1461.918 ; gain = 117.660
---------------------------------------------------------------------------------
---------------------------------------------------------------------------------
Start Renaming Generated Ports
---------------------------------------------------------------------------------
---------------------------------------------------------------------------------
Finished Renaming Generated Ports : Time (s): cpu = 00:00:26 ; elapsed = 00:00:56 . Memory (MB): peak = 1461.918 ; gain = 117.660
---------------------------------------------------------------------------------
---------------------------------------------------------------------------------
Start Handling Custom Attributes
---------------------------------------------------------------------------------
---------------------------------------------------------------------------------
Finished Handling Custom Attributes : Time (s): cpu = 00:00:26 ; elapsed = 00:00:56 . Memory (MB): peak = 1461.918 ; gain = 117.660
---------------------------------------------------------------------------------
---------------------------------------------------------------------------------
Start Renaming Generated Nets
---------------------------------------------------------------------------------
---------------------------------------------------------------------------------
Finished Renaming Generated Nets : Time (s): cpu = 00:00:26 ; elapsed = 00:00:56 . Memory (MB): peak = 1461.918 ; gain = 117.660
---------------------------------------------------------------------------------
---------------------------------------------------------------------------------
Start Writing Synthesis Report
---------------------------------------------------------------------------------

Report BlackBoxes: 
+-+--------------+----------+
| |BlackBox name |Instances |
+-+--------------+----------+
+-+--------------+----------+

Report Cell Usage: 
+------+-----+------+
|      |Cell |Count |
+------+-----+------+
|1     |BUFG |     1|
|2     |LUT2 |     5|
|3     |LUT3 |    16|
|4     |LUT5 |     8|
|5     |FDCE |    27|
|6     |FDPE |     1|
|7     |IBUF |     4|
|8     |OBUF |     8|
+------+-----+------+
---------------------------------------------------------------------------------
Finished Writing Synthesis Report : Time (s): cpu = 00:00:26 ; elapsed = 00:00:56 . Memory (MB): peak = 1461.918 ; gain = 117.660
---------------------------------------------------------------------------------
Synthesis finished with 0 errors, 0 critical warnings and 1 warnings.
Synthesis Optimization Runtime : Time (s): cpu = 00:00:18 ; elapsed = 00:00:51 . Memory (MB): peak = 1461.918 ; gain = 38.695
Synthesis Optimization Complete : Time (s): cpu = 00:00:26 ; elapsed = 00:00:56 . Memory (MB): peak = 1461.918 ; gain = 117.660
INFO: [Project 1-571] Translating synthesized netlist
Netlist sorting complete. Time (s): cpu = 00:00:00 ; elapsed = 00:00:00.001 . Memory (MB): peak = 1461.918 ; gain = 0.000
INFO: [Project 1-570] Preparing netlist for logic optimization
INFO: [Opt 31-138] Pushed 0 inverter(s) to 0 load pin(s).
Netlist sorting complete. Time (s): cpu = 00:00:00 ; elapsed = 00:00:00 . Memory (MB): peak = 1461.918 ; gain = 0.000
INFO: [Project 1-111] Unisim Transformation Summary:
No Unisim elements were transformed.

Synth Design complete, checksum: 1577fb35
INFO: [Common 17-83] Releasing license: Synthesis
45 Infos, 1 Warnings, 0 Critical Warnings and 0 Errors encountered.
synth_design completed successfully
synth_design: Time (s): cpu = 00:00:31 ; elapsed = 00:01:13 . Memory (MB): peak = 1461.918 ; gain = 117.660
INFO: [Common 17-1381] The checkpoint 'C:/Users/mdiag037/Documents/Lab1_VivadoXilinx/Lab1_VivadoXilinx.runs/synth_1/main.dcp' has been generated.
INFO: [runtcl-4] Executing : report_utilization -file main_utilization_synth.rpt -pb main_utilization_synth.pb
INFO: [Common 17-206] Exiting Vivado at Tue Sep 22 17:10:15 2026...
